[2026-10-01T08:29:31Z] === ENRICH ITERATION 1 START | repo=block/echoapp sha=f74abb5b ===
[2026-10-01T08:29:31Z] [iter=1] PHASE START: enrich repo=block/echoapp sha=f74abb5b runlog=/home/runner/work/forx/forx/storage/aggregate/lsp/logs/f74abb5b-enrich-iter-001.log output=/home/runner/work/forx/forx/storage/aggregate/lsp/f74abb5bd83771644f7ba9781b89b133b6b89639.nq.gz
[2026-10-01T08:29:31Z] [iter=1] Step 1: Loading AST into disk-backed store mem_mb=78 MB
[2026-10-01T08:29:47Z] [iter=1] AST store loaded triples=1854257 load_secs=15 mem_mb=985 MB
[2026-10-01T08:29:47Z] [iter=1] Step 2: Finding LSP targets mem_mb=985 MB
[2026-10-01T08:29:56Z] [iter=1] LSP targets found call_sites=15002 imports=1691 extends=0 implements=0 secs=9
[2026-10-01T08:30:04Z] [iter=1] Step 2.7: Building position index (one-shot, shared across resolvers) mem_mb=985 MB
[2026-10-01T08:30:15Z] [iter=1] Position index built positions=107514 nodes_with_types=130783 secs=11 mem_mb=985 MB
[2026-10-01T08:30:15Z] [iter=1] Step 3: Starting LSP resolution mem_mb=985 MB already_completed_types=[] already_completed_files=0
[2026-10-01T08:30:15Z] [iter=1] Resolving target type target_type=call_site count=15002
[2026-10-01T08:30:38Z] [iter=1] HEARTBEAT target_type=call_site elapsed_min=1.1 files_done=0 resolved=0 errors=0 current=EchoApp/Sources/Plugins/KeyValueStore/Desktop/KeyValueEntryDetailView.swift
[2026-10-01T08:31:23Z] [iter=1] HEARTBEAT target_type=call_site elapsed_min=1.9 files_done=1 resolved=8 errors=3 current=Sources/EchoClient/EchoClient.swift
[2026-10-01T08:32:18Z] [iter=1] HEARTBEAT target_type=call_site elapsed_min=2.8 files_done=2 resolved=23 errors=53 current=EchoApp/Sources/Plugins/Accessibility/Desktop/AccessibilitySnapshotView.swift
[2026-10-01T08:34:46Z] [iter=1] HEARTBEAT target_type=call_site elapsed_min=5.2 files_done=3 resolved=23 errors=53 current=Sources/EchoPluginUI/Table/EchoTableView.swift
[2026-10-01T08:35:55Z] [iter=1] HEARTBEAT target_type=call_site elapsed_min=6.4 files_done=5 resolved=48 errors=128 current=EchoApp/Sources/EchoCLI/ADBDiscovery.swift
[2026-10-01T08:36:50Z] [iter=1] HEARTBEAT target_type=call_site elapsed_min=7.3 files_done=6 resolved=72 errors=185 current=EchoApp/Tests/EchoTests/ADB+EchoTests.swift
[2026-10-01T08:38:01Z] [iter=1] HEARTBEAT target_type=call_site elapsed_min=8.5 files_done=7 resolved=178 errors=262 current=EchoApp/Sources/Echo/Networking/BonjourService.swift
[2026-10-01T08:38:50Z] [iter=1] HEARTBEAT target_type=call_site elapsed_min=9.3 files_done=9 resolved=206 errors=312 current=EchoApp/Sources/Plugins/KeyValueStore/Desktop/KeyValueStoreViewModel.swift
[2026-10-01T08:39:34Z] [iter=1] HEARTBEAT target_type=call_site elapsed_min=10.0 files_done=10 resolved=232 errors=353 current=EchoApp/Sources/Plugins/CrashReporting/Desktop/CrashReportingView.swift
[2026-10-01T08:41:02Z] [iter=1] HEARTBEAT target_type=call_site elapsed_min=11.5 files_done=13 resolved=295 errors=438 current=EchoApp/Sources/Plugins/Networking/Desktop/Views/ResponsePolicyPickerView.swift
[2026-10-01T08:41:42Z] [iter=1] HEARTBEAT target_type=call_site elapsed_min=12.2 files_done=15 resolved=304 errors=467 current=EchoApp/Sources/Plugins/Networking/Desktop/Views/ExchangeSettingsView.swift
[2026-10-01T08:44:28Z] [iter=1] HEARTBEAT target_type=call_site elapsed_min=14.9 files_done=17 resolved=409 errors=643 current=EchoApp/Sources/Plugins/Networking/Desktop/Views/ExchangeDetailView.swift
[2026-10-01T08:45:01Z] [iter=1] HEARTBEAT target_type=call_site elapsed_min=15.5 files_done=21 resolved=468 errors=653 current=EchoApp/Sources/Echo/SessionFileCache.swift
[2026-10-01T08:45:55Z] [iter=1] HEARTBEAT target_type=call_site elapsed_min=16.4 files_done=22 resolved=496 errors=710 current=EchoApp/Sources/Plugins/Networking/Desktop/Views/ToggleButtonStyle.swift
[2026-10-01T08:47:01Z] [iter=1] HEARTBEAT target_type=call_site elapsed_min=17.5 files_done=25 resolved=511 errors=766 current=Tests/EchoClientTests/EchoClientTests.swift
[2026-10-01T08:48:30Z] [iter=1] HEARTBEAT target_type=call_site elapsed_min=19.0 files_done=26 resolved=603 errors=869 current=EchoApp/Sources/Plugins/Networking/Desktop/Architecture/AppReducer.swift
[2026-10-01T08:49:13Z] [iter=1] HEARTBEAT target_type=call_site elapsed_min=19.7 files_done=27 resolved=618 errors=911 current=EchoApp/Sources/Plugins/Networking/Desktop/Views/ExchangeListFooterView.swift
[2026-10-01T08:50:19Z] [iter=1] HEARTBEAT target_type=call_site elapsed_min=20.8 files_done=31 resolved=651 errors=964 current=EchoApp/Sources/Echo/Networking/BonjourBrowser.swift
[2026-10-01T08:51:15Z] [iter=1] HEARTBEAT target_type=call_site elapsed_min=21.7 files_done=34 resolved=665 errors=1018 current=EchoApp/Sources/EchoCLI/PluginsCommand.swift
[2026-10-01T08:52:00Z] [iter=1] HEARTBEAT target_type=call_site elapsed_min=22.5 files_done=36 resolved=759 errors=1058 current=EchoApp/Sources/Plugins/Analytics/Desktop/MCPToolProvider.swift
[2026-10-01T08:52:48Z] [iter=1] HEARTBEAT target_type=call_site elapsed_min=23.3 files_done=38 resolved=776 errors=1099 current=EchoApp/Sources/Plugins/DebugMenu/Desktop/DebugMenuViewModel.swift
[2026-10-01T08:53:26Z] [iter=1] HEARTBEAT target_type=call_site elapsed_min=23.9 files_done=40 resolved=786 errors=1129 current=EchoApp/Sources/Plugins/Networking/Desktop/Views/ResponseDetailView.swift
[2026-10-01T08:54:01Z] [iter=1] HEARTBEAT target_type=call_site elapsed_min=24.5 files_done=44 resolved=786 errors=1134 current=EchoApp/Sources/Echo/Views/Global/Settings/SettingsView+PluginDragAndDrop.swift
[2026-10-01T08:54:47Z] [iter=1] HEARTBEAT target_type=call_site elapsed_min=25.3 files_done=47 resolved=811 errors=1160 current=EchoApp/Sources/Echo/Utilities/ADB+Echo.swift
[2026-10-01T08:55:21Z] [iter=1] HEARTBEAT target_type=call_site elapsed_min=25.8 files_done=48 resolved=820 errors=1193 current=EchoApp/Sources/EchoMCP/MCPServer.swift
[2026-10-01T08:56:29Z] [iter=1] HEARTBEAT target_type=call_site elapsed_min=27.0 files_done=49 resolved=861 errors=1268 current=EchoApp/Sources/Echo/MVVM/SessionViewModel.swift
[2026-10-01T08:58:21Z] [iter=1] HEARTBEAT target_type=call_site elapsed_min=28.8 files_done=50 resolved=900 errors=1394 current=EchoApp/Sources/Echo/Utilities/ADB.swift
[2026-10-01T08:59:16Z] [iter=1] HEARTBEAT target_type=call_site elapsed_min=29.8 files_done=51 resolved=928 errors=1452 current=EchoApp/Sources/Plugins/KeyValueStore/Desktop/KeyValueStoreView.swift
[2026-10-01T09:00:09Z] [iter=1] HEARTBEAT target_type=call_site elapsed_min=30.6 files_done=54 resolved=943 errors=1496 current=Sources/EchoPluginUI/Views/List/EchoListView.swift
[2026-10-01T09:00:49Z] [iter=1] HEARTBEAT target_type=call_site elapsed_min=31.3 files_done=57 resolved=951 errors=1524 current=Package.swift
[2026-10-01T09:01:40Z] [iter=1] HEARTBEAT target_type=call_site elapsed_min=32.1 files_done=59 resolved=1000 errors=1579 current=EchoApp/Tests/EchoTests/EchoAppDefaultsMigrationTests.swift
[2026-10-01T09:02:36Z] [iter=1] HEARTBEAT target_type=call_site elapsed_min=33.1 files_done=63 resolved=1016 errors=1627 current=EchoApp/Sources/EchoCLI/TerminalUI.swift
[2026-10-01T09:03:29Z] [iter=1] HEARTBEAT target_type=call_site elapsed_min=34.0 files_done=64 resolved=1059 errors=1680 current=EchoApp/Sources/Plugins/Networking/Desktop/Extensions/JSONHelpers.swift
[2026-10-01T09:04:19Z] [iter=1] HEARTBEAT target_type=call_site elapsed_min=34.8 files_done=67 resolved=1085 errors=1722 current=EchoApp/Sources/EchoCLI/SessionsCommand.swift
[2026-10-01T09:04:52Z] [iter=1] HEARTBEAT target_type=call_site elapsed_min=35.3 files_done=70 resolved=1105 errors=1736 current=EchoApp/Sources/Echo/Views/Session/ExportPanelView.swift
[2026-10-01T09:06:00Z] [iter=1] HEARTBEAT target_type=call_site elapsed_min=36.5 files_done=72 resolved=1110 errors=1804 current=EchoApp/Sources/Plugins/Networking/Desktop/FixturesRepo.swift
[2026-10-01T09:07:03Z] [iter=1] HEARTBEAT target_type=call_site elapsed_min=37.5 files_done=75 resolved=1134 errors=1854 current=Sources/TestClient/App.swift
[2026-10-01T09:08:15Z] [iter=1] HEARTBEAT target_type=call_site elapsed_min=38.7 files_done=80 resolved=1235 errors=1911 current=EchoApp/Sources/Echo/Views/Session/Sidebar/ClientChooserButton.swift
[2026-10-01T09:09:18Z] [iter=1] HEARTBEAT target_type=call_site elapsed_min=39.8 files_done=83 resolved=1244 errors=1963 current=EchoApp/Sources/Echo/PluginMessageCache.swift
[2026-10-01T09:10:45Z] [iter=1] HEARTBEAT target_type=call_site elapsed_min=41.2 files_done=84 resolved=1288 errors=2061 current=EchoApp/Tests/NetworkingDesktopPluginTests/MCPServerTests.swift
[2026-10-01T09:11:15Z] [iter=1] HEARTBEAT target_type=call_site elapsed_min=41.7 files_done=85 resolved=1326 errors=2090 current=Sources/EchoPluginUI/Views/List/EchoListFooterView.swift
[2026-10-01T09:11:51Z] [iter=1] HEARTBEAT target_type=call_site elapsed_min=42.3 files_done=90 resolved=1380 errors=2100 current=EchoApp/Tests/EchoCLITests/ClearCommandTests.swift
[2026-10-01T09:12:48Z] [iter=1] HEARTBEAT target_type=call_site elapsed_min=43.3 files_done=93 resolved=1404 errors=2150 current=EchoApp/Sources/Echo/MVVM/SessionViewModelBuilding.swift
[2026-10-01T09:13:33Z] [iter=1] HEARTBEAT target_type=call_site elapsed_min=44.0 files_done=95 resolved=1420 errors=2191 current=EchoApp/Tests/EchoTests/FileBackedServerTests.swift
[2026-10-01T09:14:04Z] [iter=1] HEARTBEAT target_type=call_site elapsed_min=44.5 files_done=99 resolved=1443 errors=2212 current=Sources/OptionalPlugins/AccessibilityPlugin/AccessibilityPlugin.swift
[2026-10-01T09:14:43Z] [iter=1] HEARTBEAT target_type=call_site elapsed_min=45.2 files_done=102 resolved=1443 errors=2220 current=EchoApp/Sources/Echo/Networking/ADBBrowser.swift
[2026-10-01T09:15:30Z] [iter=1] HEARTBEAT target_type=call_site elapsed_min=46.0 files_done=104 resolved=1544 errors=2263 current=EchoApp/Sources/Plugins/Networking/Desktop/Views/Settings/RoutingRulesView.swift
[2026-10-01T09:16:04Z] [iter=1] HEARTBEAT target_type=call_site elapsed_min=46.5 files_done=106 resolved=1548 errors=2287 current=EchoApp/Sources/Echo/Networking/ConnectionRegistry.swift
[2026-10-01T09:16:36Z] [iter=1] HEARTBEAT target_type=call_site elapsed_min=47.1 files_done=108 resolved=1554 errors=2313 current=EchoApp/Sources/Plugins/Networking/Desktop/Views/EnumPicker.swift
[2026-10-01T09:17:20Z] [iter=1] HEARTBEAT target_type=call_site elapsed_min=47.8 files_done=111 resolved=1568 errors=2337 current=EchoApp/Sources/EchoCLI/CLISessionWriter.swift
[2026-10-01T09:18:00Z] [iter=1] HEARTBEAT target_type=call_site elapsed_min=48.5 files_done=112 resolved=1586 errors=2378 current=EchoApp/Sources/Echo/Views/Shared/PluginImportResultsView.swift
[2026-10-01T09:18:45Z] [iter=1] HEARTBEAT target_type=call_site elapsed_min=49.2 files_done=114 resolved=1620 errors=2415 current=EchoApp/Package.swift
[2026-10-01T09:19:16Z] [iter=1] HEARTBEAT target_type=call_site elapsed_min=49.7 files_done=115 resolved=1620 errors=2415 current=Sources/EchoPluginAPI/PluginConnection.swift
[2026-10-01T09:20:38Z] [iter=1] HEARTBEAT target_type=call_site elapsed_min=51.1 files_done=119 resolved=1651 errors=2493 current=EchoApp/Tests/NetworkingDesktopPluginTests/AnalyticsMCPToolProviderTests.swift
[2026-10-01T09:21:11Z] [iter=1] HEARTBEAT target_type=call_site elapsed_min=51.7 files_done=120 resolved=1671 errors=2527 current=EchoApp/Sources/Echo/Views/Session/Sidebar/Popover+MenuAppearance.swift
[2026-10-01T09:23:04Z] [iter=1] HEARTBEAT target_type=call_site elapsed_min=53.5 files_done=124 resolved=1725 errors=2544 current=EchoApp/Sources/Echo/Views/Shared/PluginQuickLaunchView.swift
[2026-10-01T09:23:36Z] [iter=1] HEARTBEAT target_type=call_site elapsed_min=54.1 files_done=127 resolved=1736 errors=2561 current=EchoApp/Sources/Plugins/KeyValueStore/Desktop/Plugin.swift
[2026-10-01T09:24:06Z] [iter=1] HEARTBEAT target_type=call_site elapsed_min=54.6 files_done=130 resolved=1743 errors=2574 current=EchoApp/Sources/Echo/Views/Session/AppAlertView.swift
[2026-10-01T09:24:51Z] [iter=1] HEARTBEAT target_type=call_site elapsed_min=55.3 files_done=135 resolved=1762 errors=2595 current=EchoApp/Sources/Plugins/Networking/Desktop/AppStateArchiver.swift
[2026-10-01T09:25:49Z] [iter=1] HEARTBEAT target_type=call_site elapsed_min=56.3 files_done=137 resolved=1794 errors=2649 current=EchoApp/Sources/Plugins/Accessibility/Desktop/AccessibilityViewModel.swift
[2026-10-01T09:26:27Z] [iter=1] HEARTBEAT target_type=call_site elapsed_min=56.9 files_done=142 resolved=1807 errors=2661 current=EchoApp/Sources/Plugins/Networking/Desktop/Models/ResponseSink.swift
[2026-10-01T09:27:20Z] [iter=1] HEARTBEAT target_type=call_site elapsed_min=57.8 files_done=145 resolved=1828 errors=2699 current=EchoApp/Tests/EchoToolTests/URL+AdditionsTests.swift
[2026-10-01T09:28:49Z] [iter=1] HEARTBEAT target_type=call_site elapsed_min=59.3 files_done=147 resolved=1835 errors=2700 current=EchoApp/Sources/EchoCLI/EchoCLI.swift
[2026-10-01T09:29:24Z] [iter=1] HEARTBEAT target_type=call_site elapsed_min=59.9 files_done=150 resolved=1855 errors=2728 current=Sources/EchoPluginUI/Deprecated/ToolbarSegmentedControl.swift
[2026-10-01T09:29:58Z] [iter=1] HEARTBEAT target_type=call_site elapsed_min=60.4 files_done=155 resolved=1863 errors=2745 current=Sources/EchoClient/Plugins/AppInfoPlugin.swift
[2026-10-01T09:30:35Z] [iter=1] HEARTBEAT target_type=call_site elapsed_min=61.1 files_done=158 resolved=1880 errors=2775 current=EchoApp/Sources/Echo/Utilities/AsyncHelpers.swift
[2026-10-01T09:31:09Z] [iter=1] HEARTBEAT target_type=call_site elapsed_min=61.6 files_done=161 resolved=1897 errors=2800 current=EchoApp/Sources/Echo/Views/Global/MenuBar/PluginCommandMenu.swift
[2026-10-01T09:31:40Z] [iter=1] HEARTBEAT target_type=call_site elapsed_min=62.1 files_done=164 resolved=1912 errors=2814 current=Sources/EchoPluginAPI/PluginMetadata.swift
[2026-10-01T09:32:11Z] [iter=1] HEARTBEAT target_type=call_site elapsed_min=62.7 files_done=167 resolved=1914 errors=2837 current=EchoApp/Sources/Echo/MVVM/State/SessionState.swift
[2026-10-01T09:32:42Z] [iter=1] HEARTBEAT target_type=call_site elapsed_min=63.2 files_done=170 resolved=1920 errors=2852 current=EchoApp/Sources/Echo/DesktopPluginManager.swift
[2026-10-01T09:33:27Z] [iter=1] HEARTBEAT target_type=call_site elapsed_min=63.9 files_done=174 resolved=1943 errors=2881 current=Sources/EchoPluginAPI/EchoTableRow.swift
[2026-10-01T09:34:03Z] [iter=1] HEARTBEAT target_type=call_site elapsed_min=64.5 files_done=182 resolved=1954 errors=2883 current=Sources/EchoPluginUI/Views/Detail/EchoDetailPaneView.swift
[2026-10-01T09:34:37Z] [iter=1] HEARTBEAT target_type=call_site elapsed_min=65.1 files_done=186 resolved=1954 errors=2894 current=Sources/EchoPluginAPI/NetworkingPlugin/DeprecatedNetworkingEvents.swift
[2026-10-01T09:35:17Z] [iter=1] HEARTBEAT target_type=call_site elapsed_min=65.8 files_done=191 resolved=1971 errors=2908 current=EchoApp/Tests/NavigationDesktopPluginTests/NavigationViewModelTests.swift
[2026-10-01T09:35:50Z] [iter=1] HEARTBEAT target_type=call_site elapsed_min=66.3 files_done=194 resolved=1977 errors=2927 current=EchoApp/Sources/Plugins/CrashReporting/Desktop/CrashReportingViewModel.swift
[2026-10-01T09:36:24Z] [iter=1] HEARTBEAT target_type=call_site elapsed_min=66.9 files_done=198 resolved=1988 errors=2940 current=Sources/EchoPluginUI/Views/SplitView.swift
[2026-10-01T09:37:02Z] [iter=1] HEARTBEAT target_type=call_site elapsed_min=67.5 files_done=204 resolved=1990 errors=2951 current=EchoApp/Sources/Echo/Utilities/Logger+Extensions.swift
[2026-10-01T09:37:33Z] [iter=1] HEARTBEAT target_type=call_site elapsed_min=68.0 files_done=209 resolved=1994 errors=2960 current=EchoApp/Sources/Plugins/Accessibility/Desktop/ZoomAndPanModifier.swift
[2026-10-01T09:38:05Z] [iter=1] HEARTBEAT target_type=call_site elapsed_min=68.6 files_done=215 resolved=2001 errors=2961 current=EchoApp/Sources/Echo/Model/EchoAppDefaultsMigration.swift
[2026-10-01T09:38:40Z] [iter=1] HEARTBEAT target_type=call_site elapsed_min=69.2 files_done=220 resolved=2003 errors=2972 current=EchoApp/Sources/Echo/Utilities/Data+Extensions.swift
[2026-10-01T09:39:16Z] [iter=1] HEARTBEAT target_type=call_site elapsed_min=69.7 files_done=226 resolved=2009 errors=2974 current=Sources/EchoPluginAPI/DesktopPlugin.swift
[2026-10-01T09:39:46Z] [iter=1] HEARTBEAT target_type=call_site elapsed_min=70.3 files_done=233 resolved=2017 errors=2979 current=App/macOS/EchoApp.swift
[2026-10-01T09:40:19Z] [iter=1] HEARTBEAT target_type=call_site elapsed_min=70.8 files_done=241 resolved=2023 errors=2981 current=Sources/EchoConnection/DeviceIdentifier.swift
[2026-10-01T09:40:49Z] [iter=1] HEARTBEAT target_type=call_site elapsed_min=71.3 files_done=243 resolved=2025 errors=2999 current=android/plugin-api/src/main/java/xyz/block/echoapp/plugin/internal/UriAdapter.kt
[2026-10-01T09:41:23Z] [iter=1] HEARTBEAT target_type=call_site elapsed_min=71.9 files_done=245 resolved=2029 errors=3043 current=android/plugin-api/src/test/java/xyz/block/echoapp/plugin/networking/okhttp/FakeNetworkingPlugin.kt
[2026-10-01T09:42:10Z] [iter=1] HEARTBEAT target_type=call_site elapsed_min=72.6 files_done=248 resolved=2055 errors=3103 current=android/client/src/test/java/xyz/block/echoapp/client/EchoClientTest.kt
[2026-10-01T09:43:19Z] [iter=1] HEARTBEAT target_type=call_site elapsed_min=73.8 files_done=249 resolved=2062 errors=3193 current=android/build-support/sealed-swift-compat/codegen/src/main/java/com/squareup/moshix/sealedswiftcompat/generators/SealedAdapterCodeGenerator.kt
[2026-10-01T09:44:12Z] [iter=1] HEARTBEAT target_type=call_site elapsed_min=74.7 files_done=251 resolved=2064 errors=3261 current=android/build-support/sealed-swift-compat/codegen/src/main/java/com/squareup/moshix/sealedswiftcompat/generators/SubAdapterCodeGenerator.kt
[2026-10-01T09:44:51Z] [iter=1] HEARTBEAT target_type=call_site elapsed_min=75.3 files_done=253 resolved=2066 errors=3312 current=android/client/src/main/java/xyz/block/echoapp/client/EchoClient.kt
[2026-10-01T09:45:51Z] [iter=1] HEARTBEAT target_type=call_site elapsed_min=76.3 files_done=254 resolved=2076 errors=3390 current=android/build-support/sealed-swift-compat/proguard-rule-gen/src/test/java/com/squareup/moshix/sealedswiftcompat/SealedSwiftCompatProguardRuleGenProcessorTest.kt
[2026-10-01T09:46:38Z] [iter=1] HEARTBEAT target_type=call_site elapsed_min=77.1 files_done=256 resolved=2081 errors=3451 current=android/plugin-api/src/test/java/xyz/block/echoapp/plugin/keyvaluestore/KeyValueStorePluginTest.kt
[2026-10-01T09:47:46Z] [iter=1] HEARTBEAT target_type=call_site elapsed_min=78.3 files_done=257 resolved=2101 errors=3539 current=android/build-support/sealed-swift-compat/proguard-rule-gen/src/main/java/com/squareup/moshix/sealedswiftcompat/SealedSwiftCompatProguardRuleGenProcessorProvider.kt
[2026-10-01T09:48:24Z] [iter=1] HEARTBEAT target_type=call_site elapsed_min=78.9 files_done=260 resolved=2103 errors=3588 current=android/client/src/main/java/xyz/block/echoapp/client/DeviceNameResolver.kt
[2026-10-01T09:48:56Z] [iter=1] HEARTBEAT target_type=call_site elapsed_min=79.4 files_done=263 resolved=2113 errors=3629 current=android/plugin-api/src/test/java/xyz/block/echoapp/plugin/appinfo/AppInfoPluginTest.kt
[2026-10-01T09:49:32Z] [iter=1] HEARTBEAT target_type=call_site elapsed_min=80.0 files_done=265 resolved=2114 errors=3676 current=android/plugin-api/src/main/java/xyz/block/echoapp/plugin/networking/okhttp/EchoNetworkingInterceptor.kt
[2026-10-01T09:50:20Z] [iter=1] HEARTBEAT target_type=call_site elapsed_min=80.8 files_done=267 resolved=2120 errors=3738 current=android/client/src/test/java/xyz/block/echoapp/client/BroadcastDialConnectionHandshakerTest.kt
[2026-10-01T09:51:00Z] [iter=1] HEARTBEAT target_type=call_site elapsed_min=81.5 files_done=269 resolved=2147 errors=3790 current=android/plugin-api/src/test/java/xyz/block/echoapp/plugin/utils/FakePluginConnection.kt
[2026-10-01T09:51:54Z] [iter=1] HEARTBEAT target_type=call_site elapsed_min=82.4 files_done=272 resolved=2160 errors=3860 current=android/plugin-api/src/main/java/xyz/block/echoapp/plugin/keyvaluestore/KeyValueStorePlugin.kt
[2026-10-01T09:52:53Z] [iter=1] HEARTBEAT target_type=call_site elapsed_min=83.4 files_done=273 resolved=2168 errors=3936 current=android/sample/src/main/java/xyz/block/echoapp/sample/MainActivity.kt
[2026-10-01T09:54:03Z] [iter=1] HEARTBEAT target_type=call_site elapsed_min=84.5 files_done=277 resolved=2180 errors=4027 current=android/plugin-api/src/main/java/xyz/block/echoapp/plugin/networking/NetworkingPlugin.kt
[2026-10-01T09:54:38Z] [iter=1] HEARTBEAT target_type=call_site elapsed_min=85.1 files_done=282 resolved=2196 errors=4072 current=android/build-support/sealed-swift-compat/codegen/src/main/java/com/squareup/moshix/sealedswiftcompat/utils/KspUtils.kt
[2026-10-01T09:55:08Z] [iter=1] HEARTBEAT target_type=call_site elapsed_min=85.6 files_done=288 resolved=2200 errors=4112 current=android/client/src/main/java/xyz/block/echoapp/client/BroadcastDialConnectionHandshaker.kt
[2026-10-01T09:55:45Z] [iter=1] HEARTBEAT target_type=call_site elapsed_min=86.2 files_done=291 resolved=2204 errors=4159 current=android/client/src/main/java/xyz/block/echoapp/client/internal/Utils.kt
[2026-10-01T09:56:16Z] [iter=1] HEARTBEAT target_type=call_site elapsed_min=86.8 files_done=296 resolved=2213 errors=4200 current=android/plugin-api/src/main/java/xyz/block/echoapp/plugin/accessibility/capture/ViewCamera.kt
[2026-10-01T09:56:49Z] [iter=1] HEARTBEAT target_type=call_site elapsed_min=87.3 files_done=308 resolved=2224 errors=4242 current=android/build-support/sealed-swift-compat/codegen/src/main/java/com/squareup/moshix/sealedswiftcompat/MoshiSealedSwiftCompatProcessorProvider.kt
[2026-10-01T09:57:21Z] [iter=1] HEARTBEAT target_type=call_site elapsed_min=87.8 files_done=323 resolved=2231 errors=4279 current=Scripts/verify_public_builds_test.sh
[2026-10-01T09:58:05Z] [iter=1] HEARTBEAT target_type=call_site elapsed_min=88.6 files_done=326 resolved=2231 errors=4335 current=Scripts/test_prepare_maven_release_assets.sh
[2026-10-01T09:58:37Z] [iter=1] HEARTBEAT target_type=call_site elapsed_min=89.1 files_done=330 resolved=2231 errors=4377 current=Scripts/build_release.sh
[2026-10-01T09:58:39Z] [iter=1] Target type resolved target_type=call_site resolved=2231 errors=4378 secs=5304 mem_mb=985 MB
[2026-10-01T09:58:39Z] [iter=1] Resolving target type target_type=import_statement count=1691
[2026-10-01T09:59:08Z] [iter=1] HEARTBEAT target_type=import_statement elapsed_min=89.6 files_done=4 resolved=5 errors=0 current=EchoApp/Sources/Echo/LoadablePlugin.swift
[2026-10-01T09:59:39Z] [iter=1] HEARTBEAT target_type=import_statement elapsed_min=90.1 files_done=9 resolved=10 errors=0 current=Sources/EchoPluginUI/Extensions/Color+Echo.swift
[2026-10-01T10:00:15Z] [iter=1] HEARTBEAT target_type=import_statement elapsed_min=90.7 files_done=16 resolved=13 errors=0 current=EchoApp/Sources/Echo/MVVM/State/SessionState.swift
[2026-10-01T10:00:48Z] [iter=1] HEARTBEAT target_type=import_statement elapsed_min=91.3 files_done=22 resolved=18 errors=0 current=EchoApp/Sources/EchoCLI/SessionMonitorView.swift
[2026-10-01T10:01:23Z] [iter=1] HEARTBEAT target_type=import_statement elapsed_min=91.9 files_done=28 resolved=22 errors=0 current=Sources/EchoPluginUI/Table/RowInspector.swift
[2026-10-01T10:01:55Z] [iter=1] HEARTBEAT target_type=import_statement elapsed_min=92.4 files_done=34 resolved=24 errors=0 current=EchoApp/Sources/Echo/MVVM/State/AppState.swift
[2026-10-01T10:02:31Z] [iter=1] HEARTBEAT target_type=import_statement elapsed_min=93.0 files_done=36 resolved=25 errors=0 current=Sources/EchoPluginUI/Deprecated/ToolbarSegmentedControl.swift
[2026-10-01T10:03:04Z] [iter=1] HEARTBEAT target_type=import_statement elapsed_min=93.6 files_done=42 resolved=29 errors=0 current=EchoApp/Sources/Echo/Model/PluginGrouping.swift
[2026-10-01T10:03:42Z] [iter=1] HEARTBEAT target_type=import_statement elapsed_min=94.2 files_done=49 resolved=32 errors=0 current=EchoApp/Sources/Plugins/Accessibility/Desktop/AccessibilityView.swift
[2026-10-01T10:04:12Z] [iter=1] HEARTBEAT target_type=import_statement elapsed_min=94.7 files_done=56 resolved=40 errors=0 current=Tests/EchoClientTests/FakeURLSession.swift
[2026-10-01T10:04:44Z] [iter=1] HEARTBEAT target_type=import_statement elapsed_min=95.2 files_done=63 resolved=47 errors=0 current=EchoApp/Sources/Plugins/DebugMenu/Desktop/DebugMenuView.swift
[2026-10-01T10:05:15Z] [iter=1] HEARTBEAT target_type=import_statement elapsed_min=95.7 files_done=70 resolved=53 errors=0 current=EchoApp/Sources/Plugins/Networking/Desktop/Views/ScrollableTextView.swift
[2026-10-01T10:05:46Z] [iter=1] HEARTBEAT target_type=import_statement elapsed_min=96.2 files_done=76 resolved=58 errors=0 current=EchoApp/Sources/Echo/Utilities/ApplicationReloader.swift
[2026-10-01T10:06:18Z] [iter=1] HEARTBEAT target_type=import_statement elapsed_min=96.8 files_done=83 resolved=64 errors=0 current=EchoApp/Sources/Plugins/Navigation/Desktop/NavigationViewModel.swift
[2026-10-01T10:06:52Z] [iter=1] HEARTBEAT target_type=import_statement elapsed_min=97.4 files_done=89 resolved=67 errors=0 current=EchoApp/Sources/Echo/Utilities/ADB+Echo.swift
[2026-10-01T10:07:23Z] [iter=1] HEARTBEAT target_type=import_statement elapsed_min=97.9 files_done=95 resolved=73 errors=0 current=Tests/EchoPluginAPITests/PluginConnectionTests.swift
[2026-10-01T10:07:56Z] [iter=1] HEARTBEAT target_type=import_statement elapsed_min=98.4 files_done=102 resolved=79 errors=0 current=EchoApp/Sources/EchoTool/BuildPluginCommand.swift
[2026-10-01T10:08:26Z] [iter=1] HEARTBEAT target_type=import_statement elapsed_min=98.9 files_done=108 resolved=82 errors=0 current=EchoApp/Sources/Echo/Networking/Server.swift
[2026-10-01T10:08:59Z] [iter=1] HEARTBEAT target_type=import_statement elapsed_min=99.5 files_done=115 resolved=86 errors=0 current=EchoApp/Sources/Echo/LoadedPlugin.swift
[2026-10-01T10:09:29Z] [iter=1] HEARTBEAT target_type=import_statement elapsed_min=100.0 files_done=121 resolved=89 errors=0 current=Tests/EchoClientTests/EchoClientTests.swift
[2026-10-01T10:10:05Z] [iter=1] HEARTBEAT target_type=import_statement elapsed_min=100.6 files_done=128 resolved=96 errors=0 current=Sources/EchoClient/EchoClient.swift
[2026-10-01T10:10:37Z] [iter=1] HEARTBEAT target_type=import_statement elapsed_min=101.1 files_done=134 resolved=100 errors=0 current=EchoApp/Sources/Echo/Views/Global/Settings/SettingsView+Updates.swift
[2026-10-01T10:11:09Z] [iter=1] HEARTBEAT target_type=import_statement elapsed_min=101.6 files_done=139 resolved=102 errors=0 current=EchoApp/Sources/Echo/Views/Session/Sidebar/SidebarView.swift
[2026-10-01T10:11:45Z] [iter=1] HEARTBEAT target_type=import_statement elapsed_min=102.2 files_done=146 resolved=104 errors=0 current=EchoApp/Sources/Echo/PluginMessageCache.swift
[2026-10-01T10:12:21Z] [iter=1] HEARTBEAT target_type=import_statement elapsed_min=102.8 files_done=153 resolved=110 errors=0 current=EchoApp/Sources/Echo/Services/AppUpdateSources/UpdateSource.swift
[2026-10-01T10:12:55Z] [iter=1] HEARTBEAT target_type=import_statement elapsed_min=103.4 files_done=161 resolved=118 errors=0 current=Sources/EchoPluginUI/Views/SplitView.swift
[2026-10-01T10:13:26Z] [iter=1] HEARTBEAT target_type=import_statement elapsed_min=103.9 files_done=167 resolved=120 errors=0 current=Sources/EchoPluginUI/Components/HighlightedSyntaxView.swift
[2026-10-01T10:13:58Z] [iter=1] HEARTBEAT target_type=import_statement elapsed_min=104.5 files_done=173 resolved=124 errors=0 current=EchoApp/Sources/Echo/Utilities/FirewallDaemon.swift
[2026-10-01T10:14:30Z] [iter=1] HEARTBEAT target_type=import_statement elapsed_min=105.0 files_done=178 resolved=127 errors=0 current=EchoApp/Sources/Echo/Views/Session/ExportPanelView.swift
[2026-10-01T10:15:00Z] [iter=1] HEARTBEAT target_type=import_statement elapsed_min=105.5 files_done=186 resolved=133 errors=0 current=EchoApp/Sources/Plugins/Networking/Desktop/Models/ResponseSink.swift
[2026-10-01T10:15:34Z] [iter=1] HEARTBEAT target_type=import_statement elapsed_min=106.0 files_done=194 resolved=139 errors=0 current=Sources/EchoConnection/ConnectionRequest.swift
[2026-10-01T10:16:14Z] [iter=1] HEARTBEAT target_type=import_statement elapsed_min=106.7 files_done=199 resolved=141 errors=0 current=EchoApp/Sources/Plugins/Networking/Desktop/Views/RequestDetailView.swift
[2026-10-01T10:16:48Z] [iter=1] HEARTBEAT target_type=import_statement elapsed_min=107.3 files_done=205 resolved=144 errors=0 current=EchoApp/Sources/EchoCLI/TailCommand.swift
[2026-10-01T10:17:22Z] [iter=1] HEARTBEAT target_type=import_statement elapsed_min=107.8 files_done=210 resolved=148 errors=0 current=EchoApp/Sources/Plugins/Networking/Desktop/AppStateArchiver.swift
[2026-10-01T10:17:54Z] [iter=1] HEARTBEAT target_type=import_statement elapsed_min=108.4 files_done=216 resolved=152 errors=0 current=EchoApp/Sources/Echo/SessionFileCache.swift
[2026-10-01T10:18:30Z] [iter=1] HEARTBEAT target_type=import_statement elapsed_min=109.0 files_done=224 resolved=156 errors=0 current=EchoApp/Sources/Echo/Utilities/XcodeSelect.swift
[2026-10-01T10:19:01Z] [iter=1] HEARTBEAT target_type=import_statement elapsed_min=109.5 files_done=232 resolved=162 errors=0 current=EchoApp/Tests/EchoTests/EchoAppReleaseVersionTests.swift
[2026-10-01T10:19:36Z] [iter=1] HEARTBEAT target_type=import_statement elapsed_min=110.1 files_done=242 resolved=166 errors=0 current=EchoApp/Sources/Echo/Views/Global/Settings/SettingsView.swift
[2026-10-01T10:20:11Z] [iter=1] HEARTBEAT target_type=import_statement elapsed_min=110.7 files_done=247 resolved=167 errors=0 current=EchoApp/Sources/EchoTool/EchoTool.swift
[2026-10-01T10:20:42Z] [iter=1] HEARTBEAT target_type=import_statement elapsed_min=111.2 files_done=253 resolved=169 errors=0 current=Sources/EchoPluginAPI/NetworkingPlugin/DeprecatedNetworkingEvents.swift
[2026-10-01T10:21:12Z] [iter=1] HEARTBEAT target_type=import_statement elapsed_min=111.7 files_done=291 resolved=171 errors=0 current=android/client/src/main/java/xyz/block/echoapp/client/transport/TunnelSocketFactory.kt
[2026-10-01T10:21:16Z] [iter=1] Target type resolved target_type=import_statement resolved=171 errors=0 secs=1357 mem_mb=985 MB
[2026-10-01T10:42:21Z] [iter=1] Step 5: Writing final enrichment file triples=91258
[2026-10-01T10:42:22Z] [iter=1] Enrichment file written path=/home/runner/work/forx/forx/storage/aggregate/lsp/f74abb5bd83771644f7ba9781b89b133b6b89639.nq.gz size_kb=2418
[2026-10-01T10:42:22Z] [iter=1] PHASE END: enrich elapsed_s=7971 elapsed_min=132.8 total_triples=91258
